// Bun Snapshot v1, https://goo.gl/fbAQLP

exports[`Bun.build BuildArtifact properties: hash 1`] = `"e4885a8bc2de343a"`;

exports[`Bun.build BuildArtifact properties + entry.naming: hash 1`] = `"cb8abf3391c2971f"`;

exports[`Bun.build BuildArtifact properties sourcemap: hash index.js 1`] = `"e4885a8bc2de343a"`;

exports[`Bun.build BuildArtifact properties sourcemap: hash index.js.map 1`] = `"0000000000000000"`;
